// Jest Snapshot v1, https://goo.gl/fbAQLP

exports[`BulletPoint Component Renders correctly 1`] = `
<View
  style={
    [
      {
        "alignItems": "flex-start",
        "flexDirection": "row",
      },
      undefined,
    ]
  }
>
  <View
    style={
      {
        "marginRight": 10,
        "marginVertical": 10,
      }
    }
  >
    <Text
      allowFontScaling={false}
      selectable={false}
      style={
        [
          {
            "color": "#FFFFFF",
            "fontSize": 6,
          },
          undefined,
          {
            "fontFamily": "Material Icons",
            "fontStyle": "normal",
            "fontWeight": "normal",
          },
          {},
        ]
      }
    >
      î½Š
    </Text>
  </View>
  <Text
    style={
      {
        "color": "#FFFFFF",
        "fontSize": 18,
        "fontWeight": "normal",
        "textAlign": "left",
      }
    }
  >
    Any Text
  </Text>
</View>
`;
